Whiistles::Container::Component()
    <div class="border-solid border-second py-2 ">
      Whiistles::AllParentsUntilRoot::Component(whiistle: Whiistle, current_user_presenter: CurrentUserPresenter)
    </div>

  Whiistles::MainWhiistle::Component(whiistle: Flood, current_user_presenter: CurrentUserPresenter)

    <div class="pl-2 ">
      Whiistles::AllChildrenFloods::Component(flood: Flood, current_user_presenter: CurrentUserPresenter)
    </div>
