Users::ProfileImageButtonComponent(user: User, size: Symbol)

