<div class="flex items-center">
    
    <div class="rewhiistle_button_whiistle_1">
        Whiistles::CreateRewhiistleButtonComponent(whiistle: Whiistle)
    </div>
    
</div>
