  Users::PaginatedUsers::Component(paginated_users: PaginateUsers)
