

Whiistles::WhiistleComponent(whiistle: Flood, current_user_presenter: CurrentUserPresenter)