
  mock_fullname_1 doesn&#39;t have any whiistle to show.
