<turbo-frame id="modal_body">
  Whiistles::Form::Component(form_url: String, whiistle: Whiistle, label: String, cur_user: NilClass, enable_quoting_whiistle: TrueClass, enable_adding_floods: TrueClass)
</turbo-frame>