<div>
  Replying to 
  <a href="/users/1/whiistles">
    @mock_username_1
</a></div>
