<a class="hover-image shrink-0" href="/users/1/whiistles">
  Users::ProfileImage::Component(user: User, size: Symbol)
</a>