<form class="button_to" method="post" action="/relations/1"><input type="hidden" name="_method" value="delete" autocomplete="off" /><button type="submit">
    <i class="bi bi-x"></i>
</button></form>