<div class='sidebar-right border-left flex-shrink-0 text-third'>
    <div class='text-center pt-4 '>
        <div class="flex ">
            <div class="flex items-center gap-4 align-items-center mx-auto text-xl">
                <div id=create_delete_relation_user_4>
                        <form class="button_to" method="post" action="/relations"><button type="submit">
    <i class="bi bi-plus-circle"></i>
</button><input type="hidden" name="relation[followed_id]" value="4" autocomplete="off" /></form>   

                </div>
                <img class="rounded-full" src="/assets/default_profile_picture-ab2edcba709f8ecb140d2c477c2312687452a0d22396ad1a390558a2d9088add.png" width="50" height="50" />
                
                <a href="#">
                    <i class="bi bi-list-ul"></i>
                </a>
            </div>
        </div>
        <div class="py-2">
            mock_fullname_4
        </div>
        <div class="pb-3 ">
            @mock_username_4
        </div>
    </div>
    <div class="flex w-full content-evenly">
        <a class="border border-x-0 text-center col-4 py-2 w-1/3" href=/users/4/whiistles >
            <div class="text-dark w-full">
                0
            </div>
            <div>
                Whiistles
            </div>
        </a>
        <a class="border text-center col-4 py-2 w-1/3" href=/users/4/followings >
            <div class="text-dark w-full">
                2
            </div>
            <div>
                Following
            </div>
        </a>
        <a class="border border-x-0 text-center col-4 py-2 w-1/3" href=/users/4/followers >
            <div id=followers_count_user_4 class="text-dark w-full">
                0
            </div>
            <div>
                Followers
            </div>
        </a>
    </div>
    <h1 class="py-4 pl-4 text-third-color border-bottom">Followed by</h1>

    <div class="flex w-full">
  <a class="hover-image" href="/users/2/whiistles">
    <div class="px-4 py-2 flex w-full">
      <img class="" src="/assets/default_profile_picture-ab2edcba709f8ecb140d2c477c2312687452a0d22396ad1a390558a2d9088add.png" width="50" height="50" />
      <div class="pl-2 flex flex-col self-center">
        <div class="text-ellipsis">
          mock_fullname_2
        </div>
        <div class=" text-ellipsis">
          @mock_username_2
        </div>
      </div>
    </div>
</a>
    <div class="ml-auto mr-2 my-2 justify-content-center flex" >
  <div class="relation_user_2">
    <form class="button_to" method="post" action="/relations?relation%5Bfollowed_id%5D=2"><button type="submit">Follow</button></form>
  </div>
</div>


</div><div class="flex w-full">
  <a class="hover-image" href="/users/3/whiistles">
    <div class="px-4 py-2 flex w-full">
      <img class="" src="/assets/default_profile_picture-ab2edcba709f8ecb140d2c477c2312687452a0d22396ad1a390558a2d9088add.png" width="50" height="50" />
      <div class="pl-2 flex flex-col self-center">
        <div class="text-ellipsis">
          mock_fullname_3
        </div>
        <div class=" text-ellipsis">
          @mock_username_3
        </div>
      </div>
    </div>
</a>
    <div class="ml-auto mr-2 my-2 justify-content-center flex" >
  <div class="relation_user_3">
    <form class="button_to" method="post" action="/relations?relation%5Bfollowed_id%5D=3"><button type="submit">Follow</button></form>
  </div>
</div>


</div>
</div>