<div class="border border-solid border-sixth p-2 rounded-lg my-4">
  mock_content
</div>