
  
    <div class=" border p-2 border-solid">

      
      Whiistles::Whiistle::Component(whiistle: Whiistle, current_user_presenter: CurrentUserPresenter)

        Whiistles::MinifiedFloods::Component(whiistle: Whiistle, current_user_presenter: CurrentUserPresenter)

    </div>
  
  
