
  <div class="border border-solid border-sixth p-2 rounded-lg my-4">
  
  
    
      Whiistles::Whiistle::Component(whiistle: Whiistle, current_user_presenter: CurrentUserPresenter, show_flood_info: TrueClass)


</div>  
