
  <div class="border border-solid border-sixth p-2 rounded-lg my-4">
  
  

      
          Whiistles::Whiistle::Component(whiistle: Whiistle, current_user_presenter: CurrentUserPresenter)
          

            <a href="/whiistles/1">Show more replies</a>

          
        
        Whiistles::Whiistle::Component(whiistle: Reply, current_user_presenter: CurrentUserPresenter)

      
      Whiistles::Whiistle::Component(whiistle: Reply, current_user_presenter: CurrentUserPresenter)



</div>  
