<div class="my-4">

  <div class='flex'>
    
    <div class="">
      <div class="flex">
        <div class="mr-2">
          Users::ProfileImageButton::Component(user: User)
        </div>
        Whiistles::UserNamesVertical::Component(user: User)
      </div>
      
      <div class="mt-4">
        Whiistles::ReplyInfo::Component(whiistle: Whiistle)
      </div>
      
      <div class="mt-2 ">
        <div class="text-2xl my-4">
          Whiistles::BodyAndPictures::Component(whiistle: Whiistle)
        </div>
        <div>
          2000-01-01 01:01:01 UTC
        </div>
      </div>
      
      Whiistles::Buttons::Component(whiistle: Whiistle, current_user_presenter: CurrentUserPresenter)
    </div>
  </div>
</div>