Users::Tabs::Component(tab_presenter: WhiistlesTabPresenter, sidebar_right_presenter: SidebarRightPresenter)