<a href="/users/1/whiistles">
  <span class="text-dark">
    mock_fullname_1
  </span>
  @mock_username_1
</a>- 
<a href="/whiistles/1">
  1y    
</a>