<turbo-stream 
  action="mock_action" 
    targets="mock_targets"
  data-stream-enter-class="animate-cart-in" 
  data-stream-exit-class="animate-cart-out" 
>
  <template>
    mock_content
  </template>
</turbo-stream>
