<turbo-stream 
  action="mock_action" 
  data-stream-enter-class="animate-cart-in" 
  data-stream-exit-class="mock_exit_class" 
>
  <template>
    mock_content
  </template>
</turbo-stream>
