<a class="hover-image shrink-0" href="/users/19/whiistles">
  Users::ProfileImageComponent(user: User, size: Symbol)
</a>