<a class="hover-image shrink-0" href="/users/10/whiistles">
  Users::ProfileImageComponent(user: User, size: NilClass)
</a>