<div>
  Replying to 
  <a href="/users/79/whiistles">
    @mock_username_1
</a></div>
