<div class="flex items-center">
    
    <div id=rewhiistle_button_whiistle_1>
        Whiistles::DestroyRewhiistleButtonComponent(whiistle: Whiistle, rewhiistle: Rewhiistle)
    </div>
    
</div>
