<turbo-stream action="append" target="liked_whiistles_frame"><template>
  <div class="mt-3 ">
    <div class=" border-b border-solid">
      <div class="my-4">

  
  

  <div class='flex   '>
    
    <a class="hover-image shrink-0" href="/users/1/whiistles">
  <img src="/assets/default_profile_picture-ab2edcba709f8ecb140d2c477c2312687452a0d22396ad1a390558a2d9088add.png" width="25" height="25" />
</a>
    
    <div class="pl-2">
      <a href="/users/1/whiistles">
  <span class="text-dark">
    mock_fullname_1
  </span>
  @mock_username_1
</a>- 
<a href="/whiistles/1">
  &lt;1s    
</a>
      
      <div class="mt-2">
        <div>
  <a href="/whiistles/1">
    mock_body_1
</a>  
  
  
</div>
      </div>
      <div class="flex"> 
  <a class="p-2" data-turbo-frame="reply_whiistle_1" href="/whiistles/1/reply/new">
  <i class="bi bi-chat " > 
    <span class="px-1" id=reply_counter_whiistle_1>
      0 
    </span>
  </i>
</a>
  <div class="relative p-2" data-controller="dropdown">
  <div data-action="click->dropdown#toggle click@window->dropdown#hide" role="button" data-dropdown-target="button" tabindex="0" class="inline-block select-none">
    <div id=rewhiistle_or_quote_button_whiistle_1 >
        <i class="bi bi-repeat">
  <span class="px-2">
    0  
  </span>
</i>
    </div>
  </div>
  <div data-dropdown-target="menu" class="absolute left-0 top-full mt-2 hidden z-10 w-auto">
    <div class="bg-white shadow rounded overflow-hidden p-2 border border-solid" data-action="click->dropdown#toggle">
      <div class="flex items-center">
    
    <div id=rewhiistle_button_whiistle_1>
            <form class="button_to" method="post" action="/whiistles/1/rewhiistle"><button type="submit">
  <i class="bi bi-repeat">Rewhiistle</i>
</button></form>
    </div>
    
</div>


      <a class="p-2" data-turbo-frame="quoting_whiistle_whiistle_1" href="/whiistles/1/quoted_whiistle/new">
  <i class="bi bi-chat-left-quote" >Quoted Whiistle</i>
</a>
    </div>
  </div>
</div>
  <div class="flex items-center">
    
    <div id=like_button_whiistle_1>
            <form class="button_to" method="post" action="/whiistles/1/likes"><button class="p-2" type="submit">
                <i class="bi bi-heart ">
                    <span>1</span> 
                </i>
</button></form>    </div>

    
</div>
</div>

<turbo-frame id=reply_whiistle_1 >
</turbo-frame>
<turbo-frame id=quoting_whiistle_whiistle_1 >
</turbo-frame>

          

    </div>
  </div>
</div>
    </div>
</div>

</template></turbo-stream>