<a href="/users/1/whiistles">
  <div class="text-dark">
    mock_fullname_1
  </div>
  <div>
    @mock_username_1
  </div>
</a>