    Users::DeleteFollowing::Component(relation: Relation)
