Shared::InfiniteScroll::Component(paginated_records: ActiveRecord::Relation)
  Shared::InfiniteScrollUsers::Component(paginated_users: ActiveRecord::Relation)
